<html>
<body>
<pre>
<h1>µVision Build Log</h1>
<h2>Project:</h2>
C:\Users\Travis\Dropbox\Documents\UT\2016-03 Fall\Dreamer Head Redesign\code\Dreamer Head Controller\Test Builds\TestBuild0912\tb0912.uvproj
Project File Date:  12/14/2016

<h2>Output:</h2>
Rebuild target 'Test Build 0912'
compiling encoders.c...
compiling estop.c...
compiling fastTrig.c...
compiling main.c...
compiling mjc.c...
compiling motors.c...
compiling PLL.c...
compiling UART.c...
assembling startup.s...
assembling lights.s...
linking...
Program Size: Code=19856 RO-data=32 RW-data=1420 ZI-data=30868  
".\UART.axf" - 0 Error(s), 0 Warning(s).
Load "C:\\Users\\Travis\\Dropbox\\Documents\\UT\\2016-03 Fall\\Dreamer Head Redesign\\code\\Dreamer Head Controller\\Test Builds\\TestBuild0912\\UART.axf" 
Connecting: Mode=JTAG, Speed=1000000Hz
Erase Done.
Programming Done.
Verify OK.
</pre>
</body>
</html>
ropbox\\Documents\\UT\\2016-03 Fall\\Dreamer Head Redesign\\code\\Dreamer Head Controller\\Test Builds\\TestBuild0912\\UART.axf" 
Connecting: Mode=JTAG, Speed=1000000Hz
Connection failed!, error code=&d
Error: Flash Download failed  -  Target DLL has been cancelled
