Component: ARM Compiler 5.06 update 2 (build 183) Tool: armlink [4d35b7]

==============================================================================

Section Cross References

    encoders.o(i.PortA_Init) refers to startup.o(.text) for DisableInterrupts
    encoders.o(i.PortB_Init) refers to startup.o(.text) for DisableInterrupts
    encoders.o(i.PortD_Init) refers to startup.o(.text) for DisableInterrupts
    encoders.o(i.PortE_Init) refers to startup.o(.text) for DisableInterrupts
    encoders.o(i.bitBang) refers to encoders.o(i.wait) for wait
    encoders.o(i.bitBang) refers to encoders.o(.data) for dataB15
    encoders.o(i.encoderInit) refers to encoders.o(i.PortA_Init) for PortA_Init
    encoders.o(i.encoderInit) refers to encoders.o(i.PortB_Init) for PortB_Init
    encoders.o(i.encoderInit) refers to encoders.o(i.PortD_Init) for PortD_Init
    encoders.o(i.encoderInit) refers to encoders.o(i.PortE_Init) for PortE_Init
    encoders.o(i.encoderInit) refers to encoders.o(.data) for position
    encoders.o(i.encoderRead) refers to encoders.o(i.bitBang) for bitBang
    encoders.o(i.encoderRead) refers to encoders.o(i.transform) for transform
    encoders.o(i.encoderRead) refers to encoders.o(i.filter) for filter
    encoders.o(i.filter) refers to encoders.o(i.median) for median
    encoders.o(i.filter) refers to encoders.o(.data) for position
    encoders.o(i.filter) refers to encoders.o(.bss) for filt00
    encoders.o(i.transform) refers to encoders.o(.data) for new04
    estop.o(i.PortC_Init2) refers to startup.o(.text) for DisableInterrupts
    estop.o(i.eStopInit) refers to estop.o(i.PortC_Init2) for PortC_Init2
    estop.o(i.eStopInit) refers to estop.o(i.softStop) for softStop
    estop.o(i.softRun) refers to estop.o(.data) for softStopState
    estop.o(i.softStop) refers to estop.o(.data) for softStopState
    estop.o(i.softStopStatus) refers to estop.o(.data) for softStopState
    lights.o(i.PortC_Init) refers to startup.o(.text) for DisableInterrupts
    lights.o(i.lightsInit) refers to lights.o(i.PortC_Init) for PortC_Init
    lights.o(i.lightsInit) refers to lightsasm.o(.text) for blueLights
    main.o(i.PID) refers to main.o(i.calcErrP) for calcErrP
    main.o(i.PID) refers to main.o(i.calcErrI) for calcErrI
    main.o(i.PID) refers to main.o(i.calcErrD) for calcErrD
    main.o(i.PID) refers to main.o(.bss) for errP
    main.o(i.PID) refers to main.o(.data) for ctrlVar
    main.o(i.Timer1A_Handler) refers to encoders.o(i.encoderRead) for encoderRead
    main.o(i.Timer1A_Handler) refers to main.o(i.PID) for PID
    main.o(i.Timer1A_Handler) refers to main.o(i.encoderFailsafe) for encoderFailsafe
    main.o(i.Timer1A_Handler) refers to motors.o(i.motorUpdate) for motorUpdate
    main.o(i.Timer1A_Handler) refers to estop.o(i.hardStopStatus) for hardStopStatus
    main.o(i.Timer1A_Handler) refers to estop.o(i.softStopStatus) for softStopStatus
    main.o(i.Timer1A_Handler) refers to lightsasm.o(.text) for orangeLights
    main.o(i.Timer1A_Handler) refers to main.o(i.motionPlan) for motionPlan
    main.o(i.Timer1A_Handler) refers to uart.o(i.UART_OutUDec) for UART_OutUDec
    main.o(i.Timer1A_Handler) refers to uart.o(i.UART_OutChar) for UART_OutChar
    main.o(i.Timer1A_Handler) refers to main.o(.data) for ctrlVar
    main.o(i.Timer1A_Handler) refers to main.o(.bss) for actlPos
    main.o(i.Timer1_Init) refers to startup.o(.text) for DisableInterrupts
    main.o(i.calcErrD) refers to main.o(.bss) for pastErrP
    main.o(i.calcErrD) refers to main.o(.data) for next
    main.o(i.calcErrI) refers to main.o(.bss) for pastErrP
    main.o(i.calcErrI) refers to main.o(.data) for next
    main.o(i.calcErrP) refers to main.o(.bss) for actlPos
    main.o(i.calcErrP) refers to main.o(.data) for desrPos
    main.o(i.encoderFailsafe) refers to main.o(.bss) for actlPos
    main.o(i.encoderFailsafe) refers to main.o(.data) for ctrlVar
    main.o(i.main) refers to pll.o(i.PLL_Init) for PLL_Init
    main.o(i.main) refers to estop.o(i.eStopInit) for eStopInit
    main.o(i.main) refers to encoders.o(i.encoderInit) for encoderInit
    main.o(i.main) refers to motors.o(i.motorInit) for motorInit
    main.o(i.main) refers to lights.o(i.lightsInit) for lightsInit
    main.o(i.main) refers to uart.o(i.UART_Init) for UART_Init
    main.o(i.main) refers to main.o(i.Timer1_Init) for Timer1_Init
    main.o(i.main) refers to estop.o(i.softRun) for softRun
    main.o(i.main) refers to uart.o(i.UART_InUDec) for UART_InUDec
    main.o(i.main) refers to main.o(i.parse) for parse
    main.o(i.main) refers to main.o(.bss) for actlPos
    main.o(i.motionPlan) refers to rand.o(.emb_text) for rand
    main.o(i.motionPlan) refers to main.o(.data) for lookCount
    main.o(i.parse) refers to main.o(.data) for desrPos
    motors.o(i.motorInit) refers to motors.o(i.motorUpdate) for motorUpdate
    motors.o(i.motorInit) refers to motors.o(.data) for speedInit
    uart.o(i.UART_InString) refers to uart.o(i.UART_InChar) for UART_InChar
    uart.o(i.UART_InString) refers to uart.o(i.UART_OutChar) for UART_OutChar
    uart.o(i.UART_InUDec) refers to uart.o(i.UART_InChar) for UART_InChar
    uart.o(i.UART_InUDec) refers to uart.o(i.UART_OutChar) for UART_OutChar
    uart.o(i.UART_InUHex) refers to uart.o(i.UART_InChar) for UART_InChar
    uart.o(i.UART_InUHex) refers to uart.o(i.UART_OutChar) for UART_OutChar
    uart.o(i.UART_OutString) refers to uart.o(i.UART_OutChar) for UART_OutChar
    uart.o(i.UART_OutUDec) refers to uart.o(i.UART_OutChar) for UART_OutChar
    uart.o(i.UART_OutUHex) refers to uart.o(i.UART_OutChar) for UART_OutChar
    startup.o(STACK) refers (Special) to heapauxi.o(.text) for __use_two_region_memory
    startup.o(HEAP) refers (Special) to heapauxi.o(.text) for __use_two_region_memory
    startup.o(RESET) refers (Special) to heapauxi.o(.text) for __use_two_region_memory
    startup.o(RESET) refers to startup.o(STACK) for StackMem
    startup.o(RESET) refers to main.o(i.Timer1A_Handler) for Timer1A_Handler
    startup.o(RESET) refers to __main.o(!!!main) for __main
    startup.o(.text) refers (Special) to heapauxi.o(.text) for __use_two_region_memory
    startup.o(.text) refers to startup.o(HEAP) for HeapMem
    startup.o(.text) refers to startup.o(STACK) for StackMem
    rand.o(.emb_text) refers (Special) to libinit2.o(.ARM.Collect$$libinit$$0000000D) for __rt_lib_init_rand_2
    rand.o(.emb_text) refers to rand.o(.text) for _rand_init
    rand.o(.emb_text) refers to rand.o(.bss) for _random_number_data
    rand.o(.text) refers (Special) to libinit2.o(.ARM.Collect$$libinit$$0000000D) for __rt_lib_init_rand_2
    rand.o(.text) refers to rand.o(.bss) for .bss
    rand.o(.bss) refers (Special) to libinit2.o(.ARM.Collect$$libinit$$0000000D) for __rt_lib_init_rand_2
    __main.o(!!!main) refers to __rtentry.o(.ARM.Collect$$rtentry$$00000000) for __rt_entry
    __rtentry.o(.ARM.Collect$$rtentry$$00000000) refers (Special) to __rtentry2.o(.ARM.Collect$$rtentry$$0000000A) for __rt_entry_li
    __rtentry.o(.ARM.Collect$$rtentry$$00000000) refers (Special) to __rtentry2.o(.ARM.Collect$$rtentry$$0000000D) for __rt_entry_main
    __rtentry.o(.ARM.Collect$$rtentry$$00000000) refers (Special) to __rtentry2.o(.ARM.Collect$$rtentry$$0000000C) for __rt_entry_postli_1
    __rtentry.o(.ARM.Collect$$rtentry$$00000000) refers (Special) to __rtentry2.o(.ARM.Collect$$rtentry$$00000009) for __rt_entry_postsh_1
    __rtentry.o(.ARM.Collect$$rtentry$$00000000) refers (Special) to __rtentry2.o(.ARM.Collect$$rtentry$$00000002) for __rt_entry_presh_1
    __rtentry.o(.ARM.Collect$$rtentry$$00000000) refers (Special) to __rtentry4.o(.ARM.Collect$$rtentry$$00000004) for __rt_entry_sh
    libinit2.o(.ARM.Collect$$libinit$$0000000D) refers (Weak) to rand.o(.text) for _rand_init
    libinit2.o(.ARM.Collect$$libinit$$00000010) refers to libinit2.o(.ARM.Collect$$libinit$$0000000F) for .ARM.Collect$$libinit$$0000000F
    libinit2.o(.ARM.Collect$$libinit$$00000012) refers to libinit2.o(.ARM.Collect$$libinit$$0000000F) for .ARM.Collect$$libinit$$0000000F
    libinit2.o(.ARM.Collect$$libinit$$00000014) refers to libinit2.o(.ARM.Collect$$libinit$$0000000F) for .ARM.Collect$$libinit$$0000000F
    libinit2.o(.ARM.Collect$$libinit$$00000016) refers to libinit2.o(.ARM.Collect$$libinit$$0000000F) for .ARM.Collect$$libinit$$0000000F
    libinit2.o(.ARM.Collect$$libinit$$00000018) refers to libinit2.o(.ARM.Collect$$libinit$$0000000F) for .ARM.Collect$$libinit$$0000000F
    libinit2.o(.ARM.Collect$$libinit$$00000026) refers to argv_veneer.o(.emb_text) for __ARM_argv_veneer
    libinit2.o(.ARM.Collect$$libinit$$00000027) refers to argv_veneer.o(.emb_text) for __ARM_argv_veneer
    __rtentry2.o(.ARM.Collect$$rtentry$$00000008) refers to boardinit2.o(.text) for _platform_post_stackheap_init
    __rtentry2.o(.ARM.Collect$$rtentry$$0000000A) refers to libinit.o(.ARM.Collect$$libinit$$00000000) for __rt_lib_init
    __rtentry2.o(.ARM.Collect$$rtentry$$0000000B) refers to boardinit3.o(.text) for _platform_post_lib_init
    __rtentry2.o(.ARM.Collect$$rtentry$$0000000D) refers to main.o(i.main) for main
    __rtentry2.o(.ARM.Collect$$rtentry$$0000000D) refers to exit.o(.text) for exit
    __rtentry2.o(.ARM.exidx) refers to __rtentry2.o(.ARM.Collect$$rtentry$$00000001) for .ARM.Collect$$rtentry$$00000001
    __rtentry2.o(.ARM.exidx) refers to __rtentry2.o(.ARM.Collect$$rtentry$$00000008) for .ARM.Collect$$rtentry$$00000008
    __rtentry2.o(.ARM.exidx) refers to __rtentry2.o(.ARM.Collect$$rtentry$$0000000A) for .ARM.Collect$$rtentry$$0000000A
    __rtentry2.o(.ARM.exidx) refers to __rtentry2.o(.ARM.Collect$$rtentry$$0000000B) for .ARM.Collect$$rtentry$$0000000B
    __rtentry2.o(.ARM.exidx) refers to __rtentry2.o(.ARM.Collect$$rtentry$$0000000D) for .ARM.Collect$$rtentry$$0000000D
    __rtentry4.o(.ARM.Collect$$rtentry$$00000004) refers to sys_stackheap_outer.o(.text) for __user_setup_stackheap
    __rtentry4.o(.ARM.exidx) refers to __rtentry4.o(.ARM.Collect$$rtentry$$00000004) for .ARM.Collect$$rtentry$$00000004
    argv_veneer.o(.emb_text) refers to no_argv.o(.text) for __ARM_get_argv
    sys_stackheap_outer.o(.text) refers to libspace.o(.text) for __user_perproc_libspace
    sys_stackheap_outer.o(.text) refers to startup.o(.text) for __user_initial_stackheap
    exit.o(.text) refers to rtexit.o(.ARM.Collect$$rtexit$$00000000) for __rt_exit
    _get_argv_nomalloc.o(.text) refers (Special) to hrguard.o(.text) for __heap_region$guard
    _get_argv_nomalloc.o(.text) refers to defsig_rtmem_outer.o(.text) for __rt_SIGRTMEM
    _get_argv_nomalloc.o(.text) refers to sys_command.o(.text) for _sys_command_string
    libinit.o(.ARM.Collect$$libinit$$00000000) refers (Special) to libinit2.o(.ARM.Collect$$libinit$$0000002E) for __rt_lib_init_alloca_1
    libinit.o(.ARM.Collect$$libinit$$00000000) refers (Special) to libinit2.o(.ARM.Collect$$libinit$$0000002C) for __rt_lib_init_argv_1
    libinit.o(.ARM.Collect$$libinit$$00000000) refers (Special) to libinit2.o(.ARM.Collect$$libinit$$0000001B) for __rt_lib_init_atexit_1
    libinit.o(.ARM.Collect$$libinit$$00000000) refers (Special) to libinit2.o(.ARM.Collect$$libinit$$00000021) for __rt_lib_init_clock_1
    libinit.o(.ARM.Collect$$libinit$$00000000) refers (Special) to libinit2.o(.ARM.Collect$$libinit$$00000032) for __rt_lib_init_cpp_1
    libinit.o(.ARM.Collect$$libinit$$00000000) refers (Special) to libinit2.o(.ARM.Collect$$libinit$$00000030) for __rt_lib_init_exceptions_1
    libinit.o(.ARM.Collect$$libinit$$00000000) refers (Special) to libinit2.o(.ARM.Collect$$libinit$$00000002) for __rt_lib_init_fp_1
    libinit.o(.ARM.Collect$$libinit$$00000000) refers (Special) to libinit2.o(.ARM.Collect$$libinit$$0000001F) for __rt_lib_init_fp_trap_1
    libinit.o(.ARM.Collect$$libinit$$00000000) refers (Special) to libinit2.o(.ARM.Collect$$libinit$$00000023) for __rt_lib_init_getenv_1
    libinit.o(.ARM.Collect$$libinit$$00000000) refers (Special) to libinit2.o(.ARM.Collect$$libinit$$0000000A) for __rt_lib_init_heap_1
    libinit.o(.ARM.Collect$$libinit$$00000000) refers (Special) to libinit2.o(.ARM.Collect$$libinit$$00000011) for __rt_lib_init_lc_collate_1
    libinit.o(.ARM.Collect$$libinit$$00000000) refers (Special) to libinit2.o(.ARM.Collect$$libinit$$00000013) for __rt_lib_init_lc_ctype_1
    libinit.o(.ARM.Collect$$libinit$$00000000) refers (Special) to libinit2.o(.ARM.Collect$$libinit$$00000015) for __rt_lib_init_lc_monetary_1
    libinit.o(.ARM.Collect$$libinit$$00000000) refers (Special) to libinit2.o(.ARM.Collect$$libinit$$00000017) for __rt_lib_init_lc_numeric_1
    libinit.o(.ARM.Collect$$libinit$$00000000) refers (Special) to libinit2.o(.ARM.Collect$$libinit$$00000019) for __rt_lib_init_lc_time_1
    libinit.o(.ARM.Collect$$libinit$$00000000) refers (Special) to libinit2.o(.ARM.Collect$$libinit$$00000004) for __rt_lib_init_preinit_1
    libinit.o(.ARM.Collect$$libinit$$00000000) refers (Special) to libinit2.o(.ARM.Collect$$libinit$$0000000E) for __rt_lib_init_rand_1
    libinit.o(.ARM.Collect$$libinit$$00000000) refers (Special) to libinit2.o(.ARM.Collect$$libinit$$00000033) for __rt_lib_init_return
    libinit.o(.ARM.Collect$$libinit$$00000000) refers (Special) to libinit2.o(.ARM.Collect$$libinit$$0000001D) for __rt_lib_init_signal_1
    libinit.o(.ARM.Collect$$libinit$$00000000) refers (Special) to libinit2.o(.ARM.Collect$$libinit$$00000025) for __rt_lib_init_stdio_1
    libinit.o(.ARM.Collect$$libinit$$00000000) refers (Special) to libinit2.o(.ARM.Collect$$libinit$$0000000C) for __rt_lib_init_user_alloc_1
    sys_command.o(.text) refers (Special) to use_no_semi.o(.text) for __I$use$semihosting
    sys_command.o(.text) refers (Special) to indicate_semi.o(.text) for __semihosting_library_function
    libspace.o(.text) refers to libspace.o(.bss) for __libspace_start
    rtexit.o(.ARM.Collect$$rtexit$$00000000) refers (Special) to rtexit2.o(.ARM.Collect$$rtexit$$00000004) for __rt_exit_exit
    rtexit.o(.ARM.Collect$$rtexit$$00000000) refers (Special) to rtexit2.o(.ARM.Collect$$rtexit$$00000003) for __rt_exit_ls
    rtexit.o(.ARM.Collect$$rtexit$$00000000) refers (Special) to rtexit2.o(.ARM.Collect$$rtexit$$00000002) for __rt_exit_prels_1
    rtexit.o(.ARM.exidx) refers (Special) to rtexit2.o(.ARM.Collect$$rtexit$$00000004) for __rt_exit_exit
    rtexit.o(.ARM.exidx) refers (Special) to rtexit2.o(.ARM.Collect$$rtexit$$00000003) for __rt_exit_ls
    rtexit.o(.ARM.exidx) refers (Special) to rtexit2.o(.ARM.Collect$$rtexit$$00000002) for __rt_exit_prels_1
    rtexit.o(.ARM.exidx) refers to rtexit.o(.ARM.Collect$$rtexit$$00000000) for .ARM.Collect$$rtexit$$00000000
    defsig_rtmem_outer.o(.text) refers to defsig_rtmem_inner.o(.text) for __rt_SIGRTMEM_inner
    defsig_rtmem_outer.o(.text) refers to defsig_exit.o(.text) for __sig_exit
    defsig_rtmem_formal.o(.text) refers to rt_raise.o(.text) for __rt_raise
    rtexit2.o(.ARM.Collect$$rtexit$$00000003) refers to libshutdown.o(.ARM.Collect$$libshutdown$$00000000) for __rt_lib_shutdown
    rtexit2.o(.ARM.Collect$$rtexit$$00000004) refers to sys_exit.o(.text) for _sys_exit
    rtexit2.o(.ARM.exidx) refers to rtexit2.o(.ARM.Collect$$rtexit$$00000001) for .ARM.Collect$$rtexit$$00000001
    rtexit2.o(.ARM.exidx) refers to rtexit2.o(.ARM.Collect$$rtexit$$00000003) for .ARM.Collect$$rtexit$$00000003
    rtexit2.o(.ARM.exidx) refers to rtexit2.o(.ARM.Collect$$rtexit$$00000004) for .ARM.Collect$$rtexit$$00000004
    rt_raise.o(.text) refers to __raise.o(.text) for __raise
    rt_raise.o(.text) refers to sys_exit.o(.text) for _sys_exit
    defsig_exit.o(.text) refers to sys_exit.o(.text) for _sys_exit
    defsig_rtmem_inner.o(.text) refers to defsig_general.o(.text) for __default_signal_display
    sys_exit.o(.text) refers (Special) to use_no_semi.o(.text) for __I$use$semihosting
    sys_exit.o(.text) refers (Special) to indicate_semi.o(.text) for __semihosting_library_function
    __raise.o(.text) refers to defsig.o(CL$$defsig) for __default_signal_handler
    defsig_general.o(.text) refers to sys_wrch.o(.text) for _ttywrch
    libshutdown.o(.ARM.Collect$$libshutdown$$00000000) refers (Special) to libshutdown2.o(.ARM.Collect$$libshutdown$$00000002) for __rt_lib_shutdown_cpp_1
    libshutdown.o(.ARM.Collect$$libshutdown$$00000000) refers (Special) to libshutdown2.o(.ARM.Collect$$libshutdown$$00000007) for __rt_lib_shutdown_fp_trap_1
    libshutdown.o(.ARM.Collect$$libshutdown$$00000000) refers (Special) to libshutdown2.o(.ARM.Collect$$libshutdown$$0000000F) for __rt_lib_shutdown_heap_1
    libshutdown.o(.ARM.Collect$$libshutdown$$00000000) refers (Special) to libshutdown2.o(.ARM.Collect$$libshutdown$$00000010) for __rt_lib_shutdown_return
    libshutdown.o(.ARM.Collect$$libshutdown$$00000000) refers (Special) to libshutdown2.o(.ARM.Collect$$libshutdown$$0000000A) for __rt_lib_shutdown_signal_1
    libshutdown.o(.ARM.Collect$$libshutdown$$00000000) refers (Special) to libshutdown2.o(.ARM.Collect$$libshutdown$$00000004) for __rt_lib_shutdown_stdio_1
    libshutdown.o(.ARM.Collect$$libshutdown$$00000000) refers (Special) to libshutdown2.o(.ARM.Collect$$libshutdown$$0000000C) for __rt_lib_shutdown_user_alloc_1
    sys_wrch.o(.text) refers (Special) to use_no_semi.o(.text) for __I$use$semihosting
    sys_wrch.o(.text) refers (Special) to indicate_semi.o(.text) for __semihosting_library_function
    defsig.o(CL$$defsig) refers to defsig_rtmem_inner.o(.text) for __rt_SIGRTMEM_inner
    defsig_abrt_inner.o(.text) refers to defsig_general.o(.text) for __default_signal_display
    defsig_fpe_inner.o(.text) refers to defsig_general.o(.text) for __default_signal_display
    defsig_rtred_inner.o(.text) refers to defsig_general.o(.text) for __default_signal_display
    defsig_stak_inner.o(.text) refers to defsig_general.o(.text) for __default_signal_display
    defsig_pvfn_inner.o(.text) refers to defsig_general.o(.text) for __default_signal_display
    defsig_cppl_inner.o(.text) refers to defsig_general.o(.text) for __default_signal_display
    defsig_segv_inner.o(.text) refers to defsig_general.o(.text) for __default_signal_display
    defsig_other.o(.text) refers to defsig_general.o(.text) for __default_signal_display


==============================================================================

Removing Unused input sections from the image.

    Removing main.o(.constdata), (76 bytes).
    Removing uart.o(i.UART_InString), (66 bytes).
    Removing uart.o(i.UART_InUHex), (104 bytes).
    Removing uart.o(i.UART_OutString), (24 bytes).
    Removing uart.o(i.UART_OutUHex), (52 bytes).

5 unused section(s) (total 322 bytes) removed from the image.

==============================================================================

Image Symbol Table

    Local Symbols

    Symbol Name                              Value     Ov Type        Size  Object(Section)

    RESET                                    0x00000000   Section      644  startup.o(RESET)
    ../clib/angel/boardlib.s                 0x00000000   Number         0  boardinit1.o ABSOLUTE
    ../clib/angel/boardlib.s                 0x00000000   Number         0  boardinit2.o ABSOLUTE
    ../clib/angel/boardlib.s                 0x00000000   Number         0  boardinit3.o ABSOLUTE
    ../clib/angel/boardlib.s                 0x00000000   Number         0  boardshut.o ABSOLUTE
    ../clib/angel/dczerorl2.s                0x00000000   Number         0  __dczerorl2.o ABSOLUTE
    ../clib/angel/handlers.s                 0x00000000   Number         0  __scatter_zi.o ABSOLUTE
    ../clib/angel/kernel.s                   0x00000000   Number         0  __rtentry4.o ABSOLUTE
    ../clib/angel/kernel.s                   0x00000000   Number         0  rtexit.o ABSOLUTE
    ../clib/angel/kernel.s                   0x00000000   Number         0  __rtentry2.o ABSOLUTE
    ../clib/angel/kernel.s                   0x00000000   Number         0  rtexit2.o ABSOLUTE
    ../clib/angel/kernel.s                   0x00000000   Number         0  __rtentry.o ABSOLUTE
    ../clib/angel/rt.s                       0x00000000   Number         0  rt_raise.o ABSOLUTE
    ../clib/angel/scatter.s                  0x00000000   Number         0  __scatter.o ABSOLUTE
    ../clib/angel/startup.s                  0x00000000   Number         0  __main.o ABSOLUTE
    ../clib/angel/sys.s                      0x00000000   Number         0  libspace.o ABSOLUTE
    ../clib/angel/sys.s                      0x00000000   Number         0  indicate_semi.o ABSOLUTE
    ../clib/angel/sys.s                      0x00000000   Number         0  use_no_semi.o ABSOLUTE
    ../clib/angel/sys.s                      0x00000000   Number         0  sys_stackheap_outer.o ABSOLUTE
    ../clib/angel/sysapp.c                   0x00000000   Number         0  sys_exit.o ABSOLUTE
    ../clib/angel/sysapp.c                   0x00000000   Number         0  sys_command.o ABSOLUTE
    ../clib/angel/sysapp.c                   0x00000000   Number         0  sys_wrch.o ABSOLUTE
    ../clib/armsys.c                         0x00000000   Number         0  argv_veneer.o ABSOLUTE
    ../clib/armsys.c                         0x00000000   Number         0  no_argv.o ABSOLUTE
    ../clib/armsys.c                         0x00000000   Number         0  argv_veneer.o ABSOLUTE
    ../clib/armsys.c                         0x00000000   Number         0  _get_argv_nomalloc.o ABSOLUTE
    ../clib/heapalloc.c                      0x00000000   Number         0  hrguard.o ABSOLUTE
    ../clib/heapaux.c                        0x00000000   Number         0  heapauxi.o ABSOLUTE
    ../clib/libinit.s                        0x00000000   Number         0  libshutdown.o ABSOLUTE
    ../clib/libinit.s                        0x00000000   Number         0  libshutdown2.o ABSOLUTE
    ../clib/libinit.s                        0x00000000   Number         0  libinit2.o ABSOLUTE
    ../clib/libinit.s                        0x00000000   Number         0  libinit.o ABSOLUTE
    ../clib/signal.c                         0x00000000   Number         0  defsig_cppl_inner.o ABSOLUTE
    ../clib/signal.c                         0x00000000   Number         0  defsig_pvfn_inner.o ABSOLUTE
    ../clib/signal.c                         0x00000000   Number         0  defsig_stak_inner.o ABSOLUTE
    ../clib/signal.c                         0x00000000   Number         0  defsig_rtred_inner.o ABSOLUTE
    ../clib/signal.c                         0x00000000   Number         0  defsig_fpe_inner.o ABSOLUTE
    ../clib/signal.c                         0x00000000   Number         0  defsig_abrt_inner.o ABSOLUTE
    ../clib/signal.c                         0x00000000   Number         0  defsig_rtmem_formal.o ABSOLUTE
    ../clib/signal.c                         0x00000000   Number         0  defsig_rtmem_outer.o ABSOLUTE
    ../clib/signal.c                         0x00000000   Number         0  defsig_rtmem_inner.o ABSOLUTE
    ../clib/signal.c                         0x00000000   Number         0  __raise.o ABSOLUTE
    ../clib/signal.c                         0x00000000   Number         0  defsig_general.o ABSOLUTE
    ../clib/signal.c                         0x00000000   Number         0  defsig_exit.o ABSOLUTE
    ../clib/signal.c                         0x00000000   Number         0  defsig_segv_inner.o ABSOLUTE
    ../clib/signal.c                         0x00000000   Number         0  defsig_other.o ABSOLUTE
    ../clib/signal.s                         0x00000000   Number         0  defsig.o ABSOLUTE
    ../clib/stdlib.c                         0x00000000   Number         0  rand.o ABSOLUTE
    ../clib/stdlib.c                         0x00000000   Number         0  exit.o ABSOLUTE
    ../clib/stdlib.c                         0x00000000   Number         0  rand.o ABSOLUTE
    ../fplib/fpinit.s                        0x00000000   Number         0  fpinit.o ABSOLUTE
    PLL.c                                    0x00000000   Number         0  pll.o ABSOLUTE
    UART.c                                   0x00000000   Number         0  uart.o ABSOLUTE
    dc.s                                     0x00000000   Number         0  dc.o ABSOLUTE
    encoders.c                               0x00000000   Number         0  encoders.o ABSOLUTE
    estop.c                                  0x00000000   Number         0  estop.o ABSOLUTE
    lights.c                                 0x00000000   Number         0  lights.o ABSOLUTE
    lightsASM.s                              0x00000000   Number         0  lightsasm.o ABSOLUTE
    main.c                                   0x00000000   Number         0  main.o ABSOLUTE
    motors.c                                 0x00000000   Number         0  motors.o ABSOLUTE
    startup.s                                0x00000000   Number         0  startup.o ABSOLUTE
    !!!main                                  0x00000284   Section        8  __main.o(!!!main)
    !!!scatter                               0x0000028c   Section       52  __scatter.o(!!!scatter)
    !!dczerorl2                              0x000002c0   Section       90  __dczerorl2.o(!!dczerorl2)
    !!handler_zi                             0x0000031c   Section       28  __scatter_zi.o(!!handler_zi)
    .ARM.Collect$$libinit$$00000000          0x00000338   Section        2  libinit.o(.ARM.Collect$$libinit$$00000000)
    .ARM.Collect$$libinit$$00000002          0x0000033a   Section        0  libinit2.o(.ARM.Collect$$libinit$$00000002)
    .ARM.Collect$$libinit$$00000004          0x0000033a   Section        0  libinit2.o(.ARM.Collect$$libinit$$00000004)
    .ARM.Collect$$libinit$$0000000A          0x0000033a   Section        0  libinit2.o(.ARM.Collect$$libinit$$0000000A)
    .ARM.Collect$$libinit$$0000000C          0x0000033a   Section        0  libinit2.o(.ARM.Collect$$libinit$$0000000C)
    .ARM.Collect$$libinit$$0000000D          0x0000033a   Section        4  libinit2.o(.ARM.Collect$$libinit$$0000000D)
    .ARM.Collect$$libinit$$0000000E          0x0000033e   Section        0  libinit2.o(.ARM.Collect$$libinit$$0000000E)
    .ARM.Collect$$libinit$$00000011          0x0000033e   Section        0  libinit2.o(.ARM.Collect$$libinit$$00000011)
    .ARM.Collect$$libinit$$00000013          0x0000033e   Section        0  libinit2.o(.ARM.Collect$$libinit$$00000013)
    .ARM.Collect$$libinit$$00000015          0x0000033e   Section        0  libinit2.o(.ARM.Collect$$libinit$$00000015)
    .ARM.Collect$$libinit$$00000017          0x0000033e   Section        0  libinit2.o(.ARM.Collect$$libinit$$00000017)
    .ARM.Collect$$libinit$$00000019          0x0000033e   Section        0  libinit2.o(.ARM.Collect$$libinit$$00000019)
    .ARM.Collect$$libinit$$0000001B          0x0000033e   Section        0  libinit2.o(.ARM.Collect$$libinit$$0000001B)
    .ARM.Collect$$libinit$$0000001D          0x0000033e   Section        0  libinit2.o(.ARM.Collect$$libinit$$0000001D)
    .ARM.Collect$$libinit$$0000001F          0x0000033e   Section        0  libinit2.o(.ARM.Collect$$libinit$$0000001F)
    .ARM.Collect$$libinit$$00000021          0x0000033e   Section        0  libinit2.o(.ARM.Collect$$libinit$$00000021)
    .ARM.Collect$$libinit$$00000023          0x0000033e   Section        0  libinit2.o(.ARM.Collect$$libinit$$00000023)
    .ARM.Collect$$libinit$$00000025          0x0000033e   Section        0  libinit2.o(.ARM.Collect$$libinit$$00000025)
    .ARM.Collect$$libinit$$0000002C          0x0000033e   Section        0  libinit2.o(.ARM.Collect$$libinit$$0000002C)
    .ARM.Collect$$libinit$$0000002E          0x0000033e   Section        0  libinit2.o(.ARM.Collect$$libinit$$0000002E)
    .ARM.Collect$$libinit$$00000030          0x0000033e   Section        0  libinit2.o(.ARM.Collect$$libinit$$00000030)
    .ARM.Collect$$libinit$$00000032          0x0000033e   Section        0  libinit2.o(.ARM.Collect$$libinit$$00000032)
    .ARM.Collect$$libinit$$00000033          0x0000033e   Section        2  libinit2.o(.ARM.Collect$$libinit$$00000033)
    .ARM.Collect$$libshutdown$$00000000      0x00000340   Section        2  libshutdown.o(.ARM.Collect$$libshutdown$$00000000)
    .ARM.Collect$$libshutdown$$00000002      0x00000342   Section        0  libshutdown2.o(.ARM.Collect$$libshutdown$$00000002)
    .ARM.Collect$$libshutdown$$00000004      0x00000342   Section        0  libshutdown2.o(.ARM.Collect$$libshutdown$$00000004)
    .ARM.Collect$$libshutdown$$00000007      0x00000342   Section        0  libshutdown2.o(.ARM.Collect$$libshutdown$$00000007)
    .ARM.Collect$$libshutdown$$0000000A      0x00000342   Section        0  libshutdown2.o(.ARM.Collect$$libshutdown$$0000000A)
    .ARM.Collect$$libshutdown$$0000000C      0x00000342   Section        0  libshutdown2.o(.ARM.Collect$$libshutdown$$0000000C)
    .ARM.Collect$$libshutdown$$0000000F      0x00000342   Section        0  libshutdown2.o(.ARM.Collect$$libshutdown$$0000000F)
    .ARM.Collect$$libshutdown$$00000010      0x00000342   Section        2  libshutdown2.o(.ARM.Collect$$libshutdown$$00000010)
    .ARM.Collect$$rtentry$$00000000          0x00000344   Section        0  __rtentry.o(.ARM.Collect$$rtentry$$00000000)
    .ARM.Collect$$rtentry$$00000002          0x00000344   Section        0  __rtentry2.o(.ARM.Collect$$rtentry$$00000002)
    .ARM.Collect$$rtentry$$00000004          0x00000344   Section        6  __rtentry4.o(.ARM.Collect$$rtentry$$00000004)
    .ARM.Collect$$rtentry$$00000009          0x0000034a   Section        0  __rtentry2.o(.ARM.Collect$$rtentry$$00000009)
    .ARM.Collect$$rtentry$$0000000A          0x0000034a   Section        4  __rtentry2.o(.ARM.Collect$$rtentry$$0000000A)
    .ARM.Collect$$rtentry$$0000000C          0x0000034e   Section        0  __rtentry2.o(.ARM.Collect$$rtentry$$0000000C)
    .ARM.Collect$$rtentry$$0000000D          0x0000034e   Section        8  __rtentry2.o(.ARM.Collect$$rtentry$$0000000D)
    .ARM.Collect$$rtexit$$00000000           0x00000356   Section        2  rtexit.o(.ARM.Collect$$rtexit$$00000000)
    .ARM.Collect$$rtexit$$00000002           0x00000358   Section        0  rtexit2.o(.ARM.Collect$$rtexit$$00000002)
    .ARM.Collect$$rtexit$$00000003           0x00000358   Section        4  rtexit2.o(.ARM.Collect$$rtexit$$00000003)
    .ARM.Collect$$rtexit$$00000004           0x0000035c   Section        6  rtexit2.o(.ARM.Collect$$rtexit$$00000004)
    .emb_text                                0x00000364   Section       52  rand.o(.emb_text)
    .text                                    0x00000398   Section       48  startup.o(.text)
    .text                                    0x000003c8   Section      652  lightsasm.o(.text)
    .text                                    0x00000654   Section        0  rand.o(.text)
    .text                                    0x00000690   Section        0  heapauxi.o(.text)
    .text                                    0x00000696   Section       74  sys_stackheap_outer.o(.text)
    .text                                    0x000006e0   Section        0  exit.o(.text)
    .text                                    0x000006f4   Section        8  libspace.o(.text)
    .text                                    0x000006fc   Section        2  use_no_semi.o(.text)
    .text                                    0x000006fe   Section        0  indicate_semi.o(.text)
    .text                                    0x00000700   Section        0  sys_exit.o(.text)
    i.PID                                    0x0000070c   Section        0  main.o(i.PID)
    i.PLL_Init                               0x00000884   Section        0  pll.o(i.PLL_Init)
    i.PortA_Init                             0x00000900   Section        0  encoders.o(i.PortA_Init)
    i.PortB_Init                             0x00000984   Section        0  encoders.o(i.PortB_Init)
    i.PortC_Init                             0x00000a04   Section        0  lights.o(i.PortC_Init)
    i.PortC_Init2                            0x00000a80   Section        0  estop.o(i.PortC_Init2)
    i.PortD_Init                             0x00000b04   Section        0  encoders.o(i.PortD_Init)
    i.PortE_Init                             0x00000ba4   Section        0  encoders.o(i.PortE_Init)
    i.Timer1A_Handler                        0x00000c24   Section        0  main.o(i.Timer1A_Handler)
    i.Timer1_Init                            0x00000d18   Section        0  main.o(i.Timer1_Init)
    i.UART_InChar                            0x00000d98   Section        0  uart.o(i.UART_InChar)
    i.UART_InUDec                            0x00000db4   Section        0  uart.o(i.UART_InUDec)
    i.UART_Init                              0x00000e00   Section        0  uart.o(i.UART_Init)
    i.UART_OutChar                           0x00000e98   Section        0  uart.o(i.UART_OutChar)
    i.UART_OutUDec                           0x00000eb0   Section        0  uart.o(i.UART_OutUDec)
    i.bitBang                                0x00000edc   Section        0  encoders.o(i.bitBang)
    i.calcErrD                               0x00003da4   Section        0  main.o(i.calcErrD)
    i.calcErrI                               0x00003e18   Section        0  main.o(i.calcErrI)
    i.calcErrP                               0x00003eb4   Section        0  main.o(i.calcErrP)
    i.eStopInit                              0x00003ee0   Section        0  estop.o(i.eStopInit)
    i.encoderFailsafe                        0x00003eec   Section        0  main.o(i.encoderFailsafe)
    i.encoderInit                            0x00003f20   Section        0  encoders.o(i.encoderInit)
    i.encoderRead                            0x00003f40   Section        0  encoders.o(i.encoderRead)
    i.filter                                 0x00003f50   Section        0  encoders.o(i.filter)
    i.hardStopStatus                         0x000040f0   Section        0  estop.o(i.hardStopStatus)
    i.lightsInit                             0x00004100   Section        0  lights.o(i.lightsInit)
    i.main                                   0x0000410c   Section        0  main.o(i.main)
    i.median                                 0x00004140   Section        0  encoders.o(i.median)
    i.motionPlan                             0x00004190   Section        0  main.o(i.motionPlan)
    i.motorInit                              0x0000444c   Section        0  motors.o(i.motorInit)
    i.motorUpdate                            0x0000479c   Section        0  motors.o(i.motorUpdate)
    i.parse                                  0x0000482c   Section        0  main.o(i.parse)
    i.softRun                                0x000048c0   Section        0  estop.o(i.softRun)
    i.softStop                               0x000048d4   Section        0  estop.o(i.softStop)
    i.softStopStatus                         0x000048ec   Section        0  estop.o(i.softStopStatus)
    i.transform                              0x000048f8   Section        0  encoders.o(i.transform)
    i.wait                                   0x000049a8   Section        0  encoders.o(i.wait)
    .data                                    0x20000000   Section      224  encoders.o(.data)
    last                                     0x200000dc   Data           4  encoders.o(.data)
    .data                                    0x200000e0   Section        4  estop.o(.data)
    .data                                    0x200000e4   Section     1768  main.o(.data)
    next                                     0x200007c4   Data           4  main.o(.data)
    next                                     0x200007c8   Data           4  main.o(.data)
    .data                                    0x200007cc   Section       48  motors.o(.data)
    .bss                                     0x200007fc   Section      144  encoders.o(.bss)
    filt00                                   0x200007fc   Data          12  encoders.o(.bss)
    filt01                                   0x20000808   Data          12  encoders.o(.bss)
    filt02                                   0x20000814   Data          12  encoders.o(.bss)
    filt03                                   0x20000820   Data          12  encoders.o(.bss)
    filt04                                   0x2000082c   Data          12  encoders.o(.bss)
    filt05                                   0x20000838   Data          12  encoders.o(.bss)
    filt06                                   0x20000844   Data          12  encoders.o(.bss)
    filt07                                   0x20000850   Data          12  encoders.o(.bss)
    filt08                                   0x2000085c   Data          12  encoders.o(.bss)
    filt09                                   0x20000868   Data          12  encoders.o(.bss)
    filt10                                   0x20000874   Data          12  encoders.o(.bss)
    filt11                                   0x20000880   Data          12  encoders.o(.bss)
    .bss                                     0x2000088c   Section    27120  main.o(.bss)
    pastErrP                                 0x2000094c   Data       26400  main.o(.bss)
    errIRaw                                  0x2000706c   Data          48  main.o(.bss)
    pastErrP                                 0x2000709c   Data         480  main.o(.bss)
    .bss                                     0x2000727c   Section      228  rand.o(.bss)
    .bss                                     0x20007360   Section       96  libspace.o(.bss)
    HEAP                                     0x200073c0   Section        0  startup.o(HEAP)
    STACK                                    0x200073c0   Section     1024  startup.o(STACK)
    HeapMem                                  0x200073c0   Data           0  startup.o(HEAP)
    StackMem                                 0x200073c0   Data           0  startup.o(STACK)

    Global Symbols

    Symbol Name                              Value     Ov Type        Size  Object(Section)

    BuildAttributes$$THM_ISAv4$E$P$D$K$B$S$7EM$PE$A:L22UL41UL21$X:L11$S22US41US21$IEEE1$IW$USESV6$~STKCKD$USESV7$~SHL$OSPACE$ROPI$EBA8$UX$STANDARDLIB$REQ8$EABIv2 0x00000000   Number         0  anon$$obj.o ABSOLUTE
    __ARM_use_no_argv                        0x00000000   Number         0  main.o ABSOLUTE
    __Vectors                                0x00000000   Data           0  startup.o(RESET)
    __ARM_exceptions_init                     - Undefined Weak Reference
    __alloca_initialize                       - Undefined Weak Reference
    __arm_preinit_                            - Undefined Weak Reference
    __cpp_initialize__aeabi_                  - Undefined Weak Reference
    __cxa_finalize                            - Undefined Weak Reference
    __rt_locale                               - Undefined Weak Reference
    __sigvec_lookup                           - Undefined Weak Reference
    _atexit_init                              - Undefined Weak Reference
    _call_atexit_fns                          - Undefined Weak Reference
    _clock_init                               - Undefined Weak Reference
    _fp_trap_init                             - Undefined Weak Reference
    _fp_trap_shutdown                         - Undefined Weak Reference
    _get_lc_collate                           - Undefined Weak Reference
    _get_lc_ctype                             - Undefined Weak Reference
    _get_lc_monetary                          - Undefined Weak Reference
    _get_lc_numeric                           - Undefined Weak Reference
    _get_lc_time                              - Undefined Weak Reference
    _getenv_init                              - Undefined Weak Reference
    _handle_redirection                       - Undefined Weak Reference
    _init_alloc                               - Undefined Weak Reference
    _init_user_alloc                          - Undefined Weak Reference
    _initio                                   - Undefined Weak Reference
    _signal_finish                            - Undefined Weak Reference
    _signal_init                              - Undefined Weak Reference
    _terminate_alloc                          - Undefined Weak Reference
    _terminate_user_alloc                     - Undefined Weak Reference
    _terminateio                              - Undefined Weak Reference
    Reset_Handler                            0x0000026d   Thumb Code     0  startup.o(RESET)
    NMI_Handler                              0x00000271   Thumb Code     2  startup.o(RESET)
    HardFault_Handler                        0x00000273   Thumb Code     2  startup.o(RESET)
    MemManage_Handler                        0x00000275   Thumb Code     2  startup.o(RESET)
    BusFault_Handler                         0x00000277   Thumb Code     2  startup.o(RESET)
    UsageFault_Handler                       0x00000279   Thumb Code     2  startup.o(RESET)
    SVC_Handler                              0x0000027b   Thumb Code     2  startup.o(RESET)
    DebugMon_Handler                         0x0000027d   Thumb Code     2  startup.o(RESET)
    PendSV_Handler                           0x0000027f   Thumb Code     2  startup.o(RESET)
    SysTick_Handler                          0x00000281   Thumb Code     2  startup.o(RESET)
    ADC0Seq0_Handler                         0x00000283   Thumb Code     0  startup.o(RESET)
    ADC0Seq1_Handler                         0x00000283   Thumb Code     0  startup.o(RESET)
    ADC0Seq2_Handler                         0x00000283   Thumb Code     0  startup.o(RESET)
    ADC0Seq3_Handler                         0x00000283   Thumb Code     0  startup.o(RESET)
    ADC1Seq0_Handler                         0x00000283   Thumb Code     0  startup.o(RESET)
    ADC1Seq1_Handler                         0x00000283   Thumb Code     0  startup.o(RESET)
    ADC1Seq2_Handler                         0x00000283   Thumb Code     0  startup.o(RESET)
    ADC1Seq3_Handler                         0x00000283   Thumb Code     0  startup.o(RESET)
    CAN0_Handler                             0x00000283   Thumb Code     0  startup.o(RESET)
    CAN1_Handler                             0x00000283   Thumb Code     0  startup.o(RESET)
    CAN2_Handler                             0x00000283   Thumb Code     0  startup.o(RESET)
    Comp0_Handler                            0x00000283   Thumb Code     0  startup.o(RESET)
    Comp1_Handler                            0x00000283   Thumb Code     0  startup.o(RESET)
    Comp2_Handler                            0x00000283   Thumb Code     0  startup.o(RESET)
    Ethernet_Handler                         0x00000283   Thumb Code     0  startup.o(RESET)
    ExtBus_Handler                           0x00000283   Thumb Code     0  startup.o(RESET)
    FPU_Handler                              0x00000283   Thumb Code     0  startup.o(RESET)
    Fan0_Handler                             0x00000283   Thumb Code     0  startup.o(RESET)
    FlashCtl_Handler                         0x00000283   Thumb Code     0  startup.o(RESET)
    GPIOPortA_Handler                        0x00000283   Thumb Code     0  startup.o(RESET)
    GPIOPortB_Handler                        0x00000283   Thumb Code     0  startup.o(RESET)
    GPIOPortC_Handler                        0x00000283   Thumb Code     0  startup.o(RESET)
    GPIOPortD_Handler                        0x00000283   Thumb Code     0  startup.o(RESET)
    GPIOPortE_Handler                        0x00000283   Thumb Code     0  startup.o(RESET)
    GPIOPortF_Handler                        0x00000283   Thumb Code     0  startup.o(RESET)
    GPIOPortG_Handler                        0x00000283   Thumb Code     0  startup.o(RESET)
    GPIOPortH_Handler                        0x00000283   Thumb Code     0  startup.o(RESET)
    GPIOPortJ_Handler                        0x00000283   Thumb Code     0  startup.o(RESET)
    GPIOPortK_Handler                        0x00000283   Thumb Code     0  startup.o(RESET)
    GPIOPortL_Handler                        0x00000283   Thumb Code     0  startup.o(RESET)
    GPIOPortM_Handler                        0x00000283   Thumb Code     0  startup.o(RESET)
    GPIOPortN_Handler                        0x00000283   Thumb Code     0  startup.o(RESET)
    GPIOPortP1_Handler                       0x00000283   Thumb Code     0  startup.o(RESET)
    GPIOPortP2_Handler                       0x00000283   Thumb Code     0  startup.o(RESET)
    GPIOPortP3_Handler                       0x00000283   Thumb Code     0  startup.o(RESET)
    GPIOPortP4_Handler                       0x00000283   Thumb Code     0  startup.o(RESET)
    GPIOPortP5_Handler                       0x00000283   Thumb Code     0  startup.o(RESET)
    GPIOPortP6_Handler                       0x00000283   Thumb Code     0  startup.o(RESET)
    GPIOPortP7_Handler                       0x00000283   Thumb Code     0  startup.o(RESET)
    GPIOPortP_Handler                        0x00000283   Thumb Code     0  startup.o(RESET)
    GPIOPortQ1_Handler                       0x00000283   Thumb Code     0  startup.o(RESET)
    GPIOPortQ2_Handler                       0x00000283   Thumb Code     0  startup.o(RESET)
    GPIOPortQ3_Handler                       0x00000283   Thumb Code     0  startup.o(RESET)
    GPIOPortQ4_Handler                       0x00000283   Thumb Code     0  startup.o(RESET)
    GPIOPortQ5_Handler                       0x00000283   Thumb Code     0  startup.o(RESET)
    GPIOPortQ6_Handler                       0x00000283   Thumb Code     0  startup.o(RESET)
    GPIOPortQ7_Handler                       0x00000283   Thumb Code     0  startup.o(RESET)
    GPIOPortQ_Handler                        0x00000283   Thumb Code     0  startup.o(RESET)
    GPIOPortR_Handler                        0x00000283   Thumb Code     0  startup.o(RESET)
    GPIOPortS_Handler                        0x00000283   Thumb Code     0  startup.o(RESET)
    Hibernate_Handler                        0x00000283   Thumb Code     0  startup.o(RESET)
    I2C0_Handler                             0x00000283   Thumb Code     0  startup.o(RESET)
    I2C1_Handler                             0x00000283   Thumb Code     0  startup.o(RESET)
    I2C2_Handler                             0x00000283   Thumb Code     0  startup.o(RESET)
    I2C3_Handler                             0x00000283   Thumb Code     0  startup.o(RESET)
    I2C4_Handler                             0x00000283   Thumb Code     0  startup.o(RESET)
    I2C5_Handler                             0x00000283   Thumb Code     0  startup.o(RESET)
    I2S0_Handler                             0x00000283   Thumb Code     0  startup.o(RESET)
    LPC0_Handler                             0x00000283   Thumb Code     0  startup.o(RESET)
    PECI0_Handler                            0x00000283   Thumb Code     0  startup.o(RESET)
    PWM0Fault_Handler                        0x00000283   Thumb Code     0  startup.o(RESET)
    PWM0Generator0_Handler                   0x00000283   Thumb Code     0  startup.o(RESET)
    PWM0Generator1_Handler                   0x00000283   Thumb Code     0  startup.o(RESET)
    PWM0Generator2_Handler                   0x00000283   Thumb Code     0  startup.o(RESET)
    PWM0Generator3_Handler                   0x00000283   Thumb Code     0  startup.o(RESET)
    PWM1Fault_Handler                        0x00000283   Thumb Code     0  startup.o(RESET)
    PWM1Generator0_Handler                   0x00000283   Thumb Code     0  startup.o(RESET)
    PWM1Generator1_Handler                   0x00000283   Thumb Code     0  startup.o(RESET)
    PWM1Generator2_Handler                   0x00000283   Thumb Code     0  startup.o(RESET)
    PWM1Generator3_Handler                   0x00000283   Thumb Code     0  startup.o(RESET)
    Quadrature0_Handler                      0x00000283   Thumb Code     0  startup.o(RESET)
    Quadrature1_Handler                      0x00000283   Thumb Code     0  startup.o(RESET)
    Quadrature2_Handler                      0x00000283   Thumb Code     0  startup.o(RESET)
    SSI0_Handler                             0x00000283   Thumb Code     0  startup.o(RESET)
    SSI1_Handler                             0x00000283   Thumb Code     0  startup.o(RESET)
    SSI2_Handler                             0x00000283   Thumb Code     0  startup.o(RESET)
    SSI3_Handler                             0x00000283   Thumb Code     0  startup.o(RESET)
    SysCtl_Handler                           0x00000283   Thumb Code     0  startup.o(RESET)
    Timer0A_Handler                          0x00000283   Thumb Code     0  startup.o(RESET)
    Timer0B_Handler                          0x00000283   Thumb Code     0  startup.o(RESET)
    Timer1B_Handler                          0x00000283   Thumb Code     0  startup.o(RESET)
    Timer2A_Handler                          0x00000283   Thumb Code     0  startup.o(RESET)
    Timer2B_Handler                          0x00000283   Thumb Code     0  startup.o(RESET)
    Timer3A_Handler                          0x00000283   Thumb Code     0  startup.o(RESET)
    Timer3B_Handler                          0x00000283   Thumb Code     0  startup.o(RESET)
    Timer4A_Handler                          0x00000283   Thumb Code     0  startup.o(RESET)
    Timer4B_Handler                          0x00000283   Thumb Code     0  startup.o(RESET)
    Timer5A_Handler                          0x00000283   Thumb Code     0  startup.o(RESET)
    Timer5B_Handler                          0x00000283   Thumb Code     0  startup.o(RESET)
    UART0_Handler                            0x00000283   Thumb Code     0  startup.o(RESET)
    UART1_Handler                            0x00000283   Thumb Code     0  startup.o(RESET)
    UART2_Handler                            0x00000283   Thumb Code     0  startup.o(RESET)
    UART3_Handler                            0x00000283   Thumb Code     0  startup.o(RESET)
    UART4_Handler                            0x00000283   Thumb Code     0  startup.o(RESET)
    UART5_Handler                            0x00000283   Thumb Code     0  startup.o(RESET)
    UART6_Handler                            0x00000283   Thumb Code     0  startup.o(RESET)
    UART7_Handler                            0x00000283   Thumb Code     0  startup.o(RESET)
    USB0_Handler                             0x00000283   Thumb Code     0  startup.o(RESET)
    WDT_Handler                              0x00000283   Thumb Code     0  startup.o(RESET)
    WideTimer0A_Handler                      0x00000283   Thumb Code     0  startup.o(RESET)
    WideTimer0B_Handler                      0x00000283   Thumb Code     0  startup.o(RESET)
    WideTimer1A_Handler                      0x00000283   Thumb Code     0  startup.o(RESET)
    WideTimer1B_Handler                      0x00000283   Thumb Code     0  startup.o(RESET)
    WideTimer2A_Handler                      0x00000283   Thumb Code     0  startup.o(RESET)
    WideTimer2B_Handler                      0x00000283   Thumb Code     0  startup.o(RESET)
    WideTimer3A_Handler                      0x00000283   Thumb Code     0  startup.o(RESET)
    WideTimer3B_Handler                      0x00000283   Thumb Code     0  startup.o(RESET)
    WideTimer4A_Handler                      0x00000283   Thumb Code     0  startup.o(RESET)
    WideTimer4B_Handler                      0x00000283   Thumb Code     0  startup.o(RESET)
    WideTimer5A_Handler                      0x00000283   Thumb Code     0  startup.o(RESET)
    WideTimer5B_Handler                      0x00000283   Thumb Code     0  startup.o(RESET)
    uDMA_Error                               0x00000283   Thumb Code     0  startup.o(RESET)
    uDMA_Handler                             0x00000283   Thumb Code     0  startup.o(RESET)
    __main                                   0x00000285   Thumb Code     8  __main.o(!!!main)
    __scatterload                            0x0000028d   Thumb Code     0  __scatter.o(!!!scatter)
    __scatterload_rt2                        0x0000028d   Thumb Code    44  __scatter.o(!!!scatter)
    __scatterload_rt2_thumb_only             0x0000028d   Thumb Code     0  __scatter.o(!!!scatter)
    __scatterload_null                       0x0000029b   Thumb Code     0  __scatter.o(!!!scatter)
    __decompress                             0x000002c1   Thumb Code    90  __dczerorl2.o(!!dczerorl2)
    __decompress1                            0x000002c1   Thumb Code     0  __dczerorl2.o(!!dczerorl2)
    __scatterload_zeroinit                   0x0000031d   Thumb Code    28  __scatter_zi.o(!!handler_zi)
    __rt_lib_init                            0x00000339   Thumb Code     0  libinit.o(.ARM.Collect$$libinit$$00000000)
    __rt_lib_init_fp_1                       0x0000033b   Thumb Code     0  libinit2.o(.ARM.Collect$$libinit$$00000002)
    __rt_lib_init_heap_1                     0x0000033b   Thumb Code     0  libinit2.o(.ARM.Collect$$libinit$$0000000A)
    __rt_lib_init_preinit_1                  0x0000033b   Thumb Code     0  libinit2.o(.ARM.Collect$$libinit$$00000004)
    __rt_lib_init_rand_2                     0x0000033b   Thumb Code     0  libinit2.o(.ARM.Collect$$libinit$$0000000D)
    __rt_lib_init_user_alloc_1               0x0000033b   Thumb Code     0  libinit2.o(.ARM.Collect$$libinit$$0000000C)
    __rt_lib_init_alloca_1                   0x0000033f   Thumb Code     0  libinit2.o(.ARM.Collect$$libinit$$0000002E)
    __rt_lib_init_argv_1                     0x0000033f   Thumb Code     0  libinit2.o(.ARM.Collect$$libinit$$0000002C)
    __rt_lib_init_atexit_1                   0x0000033f   Thumb Code     0  libinit2.o(.ARM.Collect$$libinit$$0000001B)
    __rt_lib_init_clock_1                    0x0000033f   Thumb Code     0  libinit2.o(.ARM.Collect$$libinit$$00000021)
    __rt_lib_init_cpp_1                      0x0000033f   Thumb Code     0  libinit2.o(.ARM.Collect$$libinit$$00000032)
    __rt_lib_init_exceptions_1               0x0000033f   Thumb Code     0  libinit2.o(.ARM.Collect$$libinit$$00000030)
    __rt_lib_init_fp_trap_1                  0x0000033f   Thumb Code     0  libinit2.o(.ARM.Collect$$libinit$$0000001F)
    __rt_lib_init_getenv_1                   0x0000033f   Thumb Code     0  libinit2.o(.ARM.Collect$$libinit$$00000023)
    __rt_lib_init_lc_collate_1               0x0000033f   Thumb Code     0  libinit2.o(.ARM.Collect$$libinit$$00000011)
    __rt_lib_init_lc_ctype_1                 0x0000033f   Thumb Code     0  libinit2.o(.ARM.Collect$$libinit$$00000013)
    __rt_lib_init_lc_monetary_1              0x0000033f   Thumb Code     0  libinit2.o(.ARM.Collect$$libinit$$00000015)
    __rt_lib_init_lc_numeric_1               0x0000033f   Thumb Code     0  libinit2.o(.ARM.Collect$$libinit$$00000017)
    __rt_lib_init_lc_time_1                  0x0000033f   Thumb Code     0  libinit2.o(.ARM.Collect$$libinit$$00000019)
    __rt_lib_init_rand_1                     0x0000033f   Thumb Code     0  libinit2.o(.ARM.Collect$$libinit$$0000000E)
    __rt_lib_init_return                     0x0000033f   Thumb Code     0  libinit2.o(.ARM.Collect$$libinit$$00000033)
    __rt_lib_init_signal_1                   0x0000033f   Thumb Code     0  libinit2.o(.ARM.Collect$$libinit$$0000001D)
    __rt_lib_init_stdio_1                    0x0000033f   Thumb Code     0  libinit2.o(.ARM.Collect$$libinit$$00000025)
    __rt_lib_shutdown                        0x00000341   Thumb Code     0  libshutdown.o(.ARM.Collect$$libshutdown$$00000000)
    __rt_lib_shutdown_cpp_1                  0x00000343   Thumb Code     0  libshutdown2.o(.ARM.Collect$$libshutdown$$00000002)
    __rt_lib_shutdown_fp_trap_1              0x00000343   Thumb Code     0  libshutdown2.o(.ARM.Collect$$libshutdown$$00000007)
    __rt_lib_shutdown_heap_1                 0x00000343   Thumb Code     0  libshutdown2.o(.ARM.Collect$$libshutdown$$0000000F)
    __rt_lib_shutdown_return                 0x00000343   Thumb Code     0  libshutdown2.o(.ARM.Collect$$libshutdown$$00000010)
    __rt_lib_shutdown_signal_1               0x00000343   Thumb Code     0  libshutdown2.o(.ARM.Collect$$libshutdown$$0000000A)
    __rt_lib_shutdown_stdio_1                0x00000343   Thumb Code     0  libshutdown2.o(.ARM.Collect$$libshutdown$$00000004)
    __rt_lib_shutdown_user_alloc_1           0x00000343   Thumb Code     0  libshutdown2.o(.ARM.Collect$$libshutdown$$0000000C)
    __rt_entry                               0x00000345   Thumb Code     0  __rtentry.o(.ARM.Collect$$rtentry$$00000000)
    __rt_entry_presh_1                       0x00000345   Thumb Code     0  __rtentry2.o(.ARM.Collect$$rtentry$$00000002)
    __rt_entry_sh                            0x00000345   Thumb Code     0  __rtentry4.o(.ARM.Collect$$rtentry$$00000004)
    __rt_entry_li                            0x0000034b   Thumb Code     0  __rtentry2.o(.ARM.Collect$$rtentry$$0000000A)
    __rt_entry_postsh_1                      0x0000034b   Thumb Code     0  __rtentry2.o(.ARM.Collect$$rtentry$$00000009)
    __rt_entry_main                          0x0000034f   Thumb Code     0  __rtentry2.o(.ARM.Collect$$rtentry$$0000000D)
    __rt_entry_postli_1                      0x0000034f   Thumb Code     0  __rtentry2.o(.ARM.Collect$$rtentry$$0000000C)
    __rt_exit                                0x00000357   Thumb Code     0  rtexit.o(.ARM.Collect$$rtexit$$00000000)
    __rt_exit_ls                             0x00000359   Thumb Code     0  rtexit2.o(.ARM.Collect$$rtexit$$00000003)
    __rt_exit_prels_1                        0x00000359   Thumb Code     0  rtexit2.o(.ARM.Collect$$rtexit$$00000002)
    __rt_exit_exit                           0x0000035d   Thumb Code     0  rtexit2.o(.ARM.Collect$$rtexit$$00000004)
    rand                                     0x00000365   Thumb Code    48  rand.o(.emb_text)
    DisableInterrupts                        0x00000399   Thumb Code     0  startup.o(.text)
    EnableInterrupts                         0x0000039d   Thumb Code     0  startup.o(.text)
    StartCritical                            0x000003a1   Thumb Code     0  startup.o(.text)
    EndCritical                              0x000003a9   Thumb Code     0  startup.o(.text)
    WaitForInterrupt                         0x000003af   Thumb Code     0  startup.o(.text)
    __user_initial_stackheap                 0x000003b3   Thumb Code     0  startup.o(.text)
    orangeLights                             0x00000609   Thumb Code     0  lightsasm.o(.text)
    blueLights                               0x0000062d   Thumb Code     0  lightsasm.o(.text)
    srand                                    0x00000655   Thumb Code    42  rand.o(.text)
    _rand_init                               0x0000067f   Thumb Code     4  rand.o(.text)
    __use_two_region_memory                  0x00000691   Thumb Code     2  heapauxi.o(.text)
    __rt_heap_escrow$2region                 0x00000693   Thumb Code     2  heapauxi.o(.text)
    __rt_heap_expand$2region                 0x00000695   Thumb Code     2  heapauxi.o(.text)
    __user_setup_stackheap                   0x00000697   Thumb Code    74  sys_stackheap_outer.o(.text)
    exit                                     0x000006e1   Thumb Code    18  exit.o(.text)
    __user_libspace                          0x000006f5   Thumb Code     8  libspace.o(.text)
    __user_perproc_libspace                  0x000006f5   Thumb Code     0  libspace.o(.text)
    __user_perthread_libspace                0x000006f5   Thumb Code     0  libspace.o(.text)
    __I$use$semihosting                      0x000006fd   Thumb Code     0  use_no_semi.o(.text)
    __use_no_semihosting_swi                 0x000006fd   Thumb Code     2  use_no_semi.o(.text)
    __semihosting_library_function           0x000006ff   Thumb Code     0  indicate_semi.o(.text)
    _sys_exit                                0x00000701   Thumb Code     8  sys_exit.o(.text)
    PID                                      0x0000070d   Thumb Code   358  main.o(i.PID)
    PLL_Init                                 0x00000885   Thumb Code   120  pll.o(i.PLL_Init)
    PortA_Init                               0x00000901   Thumb Code   110  encoders.o(i.PortA_Init)
    PortB_Init                               0x00000985   Thumb Code   110  encoders.o(i.PortB_Init)
    PortC_Init                               0x00000a05   Thumb Code   106  lights.o(i.PortC_Init)
    PortC_Init2                              0x00000a81   Thumb Code   116  estop.o(i.PortC_Init2)
    PortD_Init                               0x00000b05   Thumb Code   138  encoders.o(i.PortD_Init)
    PortE_Init                               0x00000ba5   Thumb Code   110  encoders.o(i.PortE_Init)
    Timer1A_Handler                          0x00000c25   Thumb Code   198  main.o(i.Timer1A_Handler)
    Timer1_Init                              0x00000d19   Thumb Code   102  main.o(i.Timer1_Init)
    UART_InChar                              0x00000d99   Thumb Code    22  uart.o(i.UART_InChar)
    UART_InUDec                              0x00000db5   Thumb Code    76  uart.o(i.UART_InUDec)
    UART_Init                                0x00000e01   Thumb Code   132  uart.o(i.UART_Init)
    UART_OutChar                             0x00000e99   Thumb Code    20  uart.o(i.UART_OutChar)
    UART_OutUDec                             0x00000eb1   Thumb Code    42  uart.o(i.UART_OutUDec)
    bitBang                                  0x00000edd   Thumb Code 11868  encoders.o(i.bitBang)
    calcErrD                                 0x00003da5   Thumb Code   100  main.o(i.calcErrD)
    calcErrI                                 0x00003e19   Thumb Code   134  main.o(i.calcErrI)
    calcErrP                                 0x00003eb5   Thumb Code    32  main.o(i.calcErrP)
    eStopInit                                0x00003ee1   Thumb Code    12  estop.o(i.eStopInit)
    encoderFailsafe                          0x00003eed   Thumb Code    44  main.o(i.encoderFailsafe)
    encoderInit                              0x00003f21   Thumb Code    26  encoders.o(i.encoderInit)
    encoderRead                              0x00003f41   Thumb Code    16  encoders.o(i.encoderRead)
    filter                                   0x00003f51   Thumb Code   360  encoders.o(i.filter)
    hardStopStatus                           0x000040f1   Thumb Code    10  estop.o(i.hardStopStatus)
    lightsInit                               0x00004101   Thumb Code    12  lights.o(i.lightsInit)
    main                                     0x0000410d   Thumb Code    48  main.o(i.main)
    median                                   0x00004141   Thumb Code    78  encoders.o(i.median)
    motionPlan                               0x00004191   Thumb Code   654  main.o(i.motionPlan)
    motorInit                                0x0000444d   Thumb Code   774  motors.o(i.motorInit)
    motorUpdate                              0x0000479d   Thumb Code   130  motors.o(i.motorUpdate)
    parse                                    0x0000482d   Thumb Code   142  main.o(i.parse)
    softRun                                  0x000048c1   Thumb Code    12  estop.o(i.softRun)
    softStop                                 0x000048d5   Thumb Code    14  estop.o(i.softStop)
    softStopStatus                           0x000048ed   Thumb Code     6  estop.o(i.softStopStatus)
    transform                                0x000048f9   Thumb Code   122  encoders.o(i.transform)
    wait                                     0x000049a9   Thumb Code    22  encoders.o(i.wait)
    Region$$Table$$Base                      0x000049c0   Number         0  anon$$obj.o(Region$$Table)
    Region$$Table$$Limit                     0x000049e0   Number         0  anon$$obj.o(Region$$Table)
    position                                 0x20000000   Data           4  encoders.o(.data)
    dataB02                                  0x20000004   Data           4  encoders.o(.data)
    dataB03                                  0x20000008   Data           4  encoders.o(.data)
    dataB04                                  0x2000000c   Data           4  encoders.o(.data)
    dataB05                                  0x20000010   Data           4  encoders.o(.data)
    dataB06                                  0x20000014   Data           4  encoders.o(.data)
    dataB07                                  0x20000018   Data           4  encoders.o(.data)
    dataB08                                  0x2000001c   Data           4  encoders.o(.data)
    dataB09                                  0x20000020   Data           4  encoders.o(.data)
    dataB10                                  0x20000024   Data           4  encoders.o(.data)
    dataB11                                  0x20000028   Data           4  encoders.o(.data)
    dataB12                                  0x2000002c   Data           4  encoders.o(.data)
    dataB13                                  0x20000030   Data           4  encoders.o(.data)
    dataB14                                  0x20000034   Data           4  encoders.o(.data)
    dataB15                                  0x20000038   Data           4  encoders.o(.data)
    dataD02                                  0x2000003c   Data           4  encoders.o(.data)
    dataD03                                  0x20000040   Data           4  encoders.o(.data)
    dataD04                                  0x20000044   Data           4  encoders.o(.data)
    dataD05                                  0x20000048   Data           4  encoders.o(.data)
    dataD06                                  0x2000004c   Data           4  encoders.o(.data)
    dataD07                                  0x20000050   Data           4  encoders.o(.data)
    dataD08                                  0x20000054   Data           4  encoders.o(.data)
    dataD09                                  0x20000058   Data           4  encoders.o(.data)
    dataD10                                  0x2000005c   Data           4  encoders.o(.data)
    dataD11                                  0x20000060   Data           4  encoders.o(.data)
    dataD12                                  0x20000064   Data           4  encoders.o(.data)
    dataD13                                  0x20000068   Data           4  encoders.o(.data)
    dataD14                                  0x2000006c   Data           4  encoders.o(.data)
    dataD15                                  0x20000070   Data           4  encoders.o(.data)
    dataE02                                  0x20000074   Data           4  encoders.o(.data)
    dataE03                                  0x20000078   Data           4  encoders.o(.data)
    dataE04                                  0x2000007c   Data           4  encoders.o(.data)
    dataE05                                  0x20000080   Data           4  encoders.o(.data)
    dataE06                                  0x20000084   Data           4  encoders.o(.data)
    dataE07                                  0x20000088   Data           4  encoders.o(.data)
    dataE08                                  0x2000008c   Data           4  encoders.o(.data)
    dataE09                                  0x20000090   Data           4  encoders.o(.data)
    dataE10                                  0x20000094   Data           4  encoders.o(.data)
    dataE11                                  0x20000098   Data           4  encoders.o(.data)
    dataE12                                  0x2000009c   Data           4  encoders.o(.data)
    dataE13                                  0x200000a0   Data           4  encoders.o(.data)
    dataE14                                  0x200000a4   Data           4  encoders.o(.data)
    dataE15                                  0x200000a8   Data           4  encoders.o(.data)
    new00                                    0x200000ac   Data           4  encoders.o(.data)
    new01                                    0x200000b0   Data           4  encoders.o(.data)
    new02                                    0x200000b4   Data           4  encoders.o(.data)
    new03                                    0x200000b8   Data           4  encoders.o(.data)
    new04                                    0x200000bc   Data           4  encoders.o(.data)
    new05                                    0x200000c0   Data           4  encoders.o(.data)
    new06                                    0x200000c4   Data           4  encoders.o(.data)
    new07                                    0x200000c8   Data           4  encoders.o(.data)
    new08                                    0x200000cc   Data           4  encoders.o(.data)
    new09                                    0x200000d0   Data           4  encoders.o(.data)
    new10                                    0x200000d4   Data           4  encoders.o(.data)
    new11                                    0x200000d8   Data           4  encoders.o(.data)
    softStopState                            0x200000e0   Data           4  estop.o(.data)
    moveSine                                 0x200000e4   Data        1468  main.o(.data)
    ctrlVar                                  0x200006a0   Data          48  main.o(.data)
    ctrlZero                                 0x200006d0   Data          48  main.o(.data)
    desrPos                                  0x20000700   Data          48  main.o(.data)
    hardStopPos                              0x20000730   Data           4  main.o(.data)
    softStopPos                              0x20000734   Data           4  main.o(.data)
    lightsUpdateCounter                      0x20000738   Data           4  main.o(.data)
    lookCount                                0x2000073c   Data           4  main.o(.data)
    moveCount                                0x20000740   Data           4  main.o(.data)
    blinkCount1                              0x20000744   Data           4  main.o(.data)
    blinkCount2                              0x20000748   Data           4  main.o(.data)
    gazeFocus                                0x2000074c   Data           4  main.o(.data)
    gazePitch                                0x20000750   Data           4  main.o(.data)
    gazeYaw                                  0x20000754   Data           4  main.o(.data)
    eyelidsDes                               0x20000758   Data           4  main.o(.data)
    desrOld                                  0x2000075c   Data          48  main.o(.data)
    desrNew                                  0x2000078c   Data          48  main.o(.data)
    change                                   0x200007bc   Data           4  main.o(.data)
    outputNum                                0x200007c0   Data           4  main.o(.data)
    speedInit                                0x200007cc   Data          48  motors.o(.data)
    actlPos                                  0x2000088c   Data          48  main.o(.bss)
    errP                                     0x200008bc   Data          48  main.o(.bss)
    errI                                     0x200008ec   Data          48  main.o(.bss)
    errD                                     0x2000091c   Data          48  main.o(.bss)
    _random_number_data                      0x2000727c   Data         228  rand.o(.bss)
    __libspace_start                         0x20007360   Data          96  libspace.o(.bss)
    __temporary_stack_top$libspace           0x200073c0   Data           0  libspace.o(.bss)



==============================================================================

Memory Map of the image

  Image Entry point : 0x0000026d

  Load Region LR_1 (Base: 0x00000000, Size: 0x000051dc, Max: 0xffffffff, ABSOLUTE, COMPRESSED[0x00004db4])

    Execution Region ER_RO (Base: 0x00000000, Size: 0x000049e0, Max: 0xffffffff, ABSOLUTE)

    Base Addr    Size         Type   Attr      Idx    E Section Name        Object

    0x00000000   0x00000284   Code   RO          336  * RESET               startup.o
    0x00000284   0x00000008   Code   RO          356  * !!!main             c_w.l(__main.o)
    0x0000028c   0x00000034   Code   RO          515    !!!scatter          c_w.l(__scatter.o)
    0x000002c0   0x0000005a   Code   RO          513    !!dczerorl2         c_w.l(__dczerorl2.o)
    0x0000031a   0x00000002   PAD
    0x0000031c   0x0000001c   Code   RO          517    !!handler_zi        c_w.l(__scatter_zi.o)
    0x00000338   0x00000002   Code   RO          436    .ARM.Collect$$libinit$$00000000  c_w.l(libinit.o)
    0x0000033a   0x00000000   Code   RO          360    .ARM.Collect$$libinit$$00000002  c_w.l(libinit2.o)
    0x0000033a   0x00000000   Code   RO          362    .ARM.Collect$$libinit$$00000004  c_w.l(libinit2.o)
    0x0000033a   0x00000000   Code   RO          365    .ARM.Collect$$libinit$$0000000A  c_w.l(libinit2.o)
    0x0000033a   0x00000000   Code   RO          367    .ARM.Collect$$libinit$$0000000C  c_w.l(libinit2.o)
    0x0000033a   0x00000004   Code   RO          368    .ARM.Collect$$libinit$$0000000D  c_w.l(libinit2.o)
    0x0000033e   0x00000000   Code   RO          369    .ARM.Collect$$libinit$$0000000E  c_w.l(libinit2.o)
    0x0000033e   0x00000000   Code   RO          372    .ARM.Collect$$libinit$$00000011  c_w.l(libinit2.o)
    0x0000033e   0x00000000   Code   RO          374    .ARM.Collect$$libinit$$00000013  c_w.l(libinit2.o)
    0x0000033e   0x00000000   Code   RO          376    .ARM.Collect$$libinit$$00000015  c_w.l(libinit2.o)
    0x0000033e   0x00000000   Code   RO          378    .ARM.Collect$$libinit$$00000017  c_w.l(libinit2.o)
    0x0000033e   0x00000000   Code   RO          380    .ARM.Collect$$libinit$$00000019  c_w.l(libinit2.o)
    0x0000033e   0x00000000   Code   RO          382    .ARM.Collect$$libinit$$0000001B  c_w.l(libinit2.o)
    0x0000033e   0x00000000   Code   RO          384    .ARM.Collect$$libinit$$0000001D  c_w.l(libinit2.o)
    0x0000033e   0x00000000   Code   RO          386    .ARM.Collect$$libinit$$0000001F  c_w.l(libinit2.o)
    0x0000033e   0x00000000   Code   RO          388    .ARM.Collect$$libinit$$00000021  c_w.l(libinit2.o)
    0x0000033e   0x00000000   Code   RO          390    .ARM.Collect$$libinit$$00000023  c_w.l(libinit2.o)
    0x0000033e   0x00000000   Code   RO          392    .ARM.Collect$$libinit$$00000025  c_w.l(libinit2.o)
    0x0000033e   0x00000000   Code   RO          396    .ARM.Collect$$libinit$$0000002C  c_w.l(libinit2.o)
    0x0000033e   0x00000000   Code   RO          398    .ARM.Collect$$libinit$$0000002E  c_w.l(libinit2.o)
    0x0000033e   0x00000000   Code   RO          400    .ARM.Collect$$libinit$$00000030  c_w.l(libinit2.o)
    0x0000033e   0x00000000   Code   RO          402    .ARM.Collect$$libinit$$00000032  c_w.l(libinit2.o)
    0x0000033e   0x00000002   Code   RO          403    .ARM.Collect$$libinit$$00000033  c_w.l(libinit2.o)
    0x00000340   0x00000002   Code   RO          474    .ARM.Collect$$libshutdown$$00000000  c_w.l(libshutdown.o)
    0x00000342   0x00000000   Code   RO          480    .ARM.Collect$$libshutdown$$00000002  c_w.l(libshutdown2.o)
    0x00000342   0x00000000   Code   RO          482    .ARM.Collect$$libshutdown$$00000004  c_w.l(libshutdown2.o)
    0x00000342   0x00000000   Code   RO          485    .ARM.Collect$$libshutdown$$00000007  c_w.l(libshutdown2.o)
    0x00000342   0x00000000   Code   RO          488    .ARM.Collect$$libshutdown$$0000000A  c_w.l(libshutdown2.o)
    0x00000342   0x00000000   Code   RO          490    .ARM.Collect$$libshutdown$$0000000C  c_w.l(libshutdown2.o)
    0x00000342   0x00000000   Code   RO          493    .ARM.Collect$$libshutdown$$0000000F  c_w.l(libshutdown2.o)
    0x00000342   0x00000002   Code   RO          494    .ARM.Collect$$libshutdown$$00000010  c_w.l(libshutdown2.o)
    0x00000344   0x00000000   Code   RO          358    .ARM.Collect$$rtentry$$00000000  c_w.l(__rtentry.o)
    0x00000344   0x00000000   Code   RO          405    .ARM.Collect$$rtentry$$00000002  c_w.l(__rtentry2.o)
    0x00000344   0x00000006   Code   RO          417    .ARM.Collect$$rtentry$$00000004  c_w.l(__rtentry4.o)
    0x0000034a   0x00000000   Code   RO          407    .ARM.Collect$$rtentry$$00000009  c_w.l(__rtentry2.o)
    0x0000034a   0x00000004   Code   RO          408    .ARM.Collect$$rtentry$$0000000A  c_w.l(__rtentry2.o)
    0x0000034e   0x00000000   Code   RO          410    .ARM.Collect$$rtentry$$0000000C  c_w.l(__rtentry2.o)
    0x0000034e   0x00000008   Code   RO          411    .ARM.Collect$$rtentry$$0000000D  c_w.l(__rtentry2.o)
    0x00000356   0x00000002   Code   RO          442    .ARM.Collect$$rtexit$$00000000  c_w.l(rtexit.o)
    0x00000358   0x00000000   Code   RO          454    .ARM.Collect$$rtexit$$00000002  c_w.l(rtexit2.o)
    0x00000358   0x00000004   Code   RO          455    .ARM.Collect$$rtexit$$00000003  c_w.l(rtexit2.o)
    0x0000035c   0x00000006   Code   RO          456    .ARM.Collect$$rtexit$$00000004  c_w.l(rtexit2.o)
    0x00000362   0x00000002   PAD
    0x00000364   0x00000034   Code   RO          349    .emb_text           c_w.l(rand.o)
    0x00000398   0x00000030   Code   RO          337    .text               startup.o
    0x000003c8   0x0000028c   Code   RO          344    .text               lightsasm.o
    0x00000654   0x0000003c   Code   RO          350    .text               c_w.l(rand.o)
    0x00000690   0x00000006   Code   RO          354    .text               c_w.l(heapauxi.o)
    0x00000696   0x0000004a   Code   RO          423    .text               c_w.l(sys_stackheap_outer.o)
    0x000006e0   0x00000012   Code   RO          425    .text               c_w.l(exit.o)
    0x000006f2   0x00000002   PAD
    0x000006f4   0x00000008   Code   RO          439    .text               c_w.l(libspace.o)
    0x000006fc   0x00000002   Code   RO          450    .text               c_w.l(use_no_semi.o)
    0x000006fe   0x00000000   Code   RO          452    .text               c_w.l(indicate_semi.o)
    0x000006fe   0x00000002   PAD
    0x00000700   0x0000000c   Code   RO          466    .text               c_w.l(sys_exit.o)
    0x0000070c   0x00000178   Code   RO          157    i.PID               main.o
    0x00000884   0x0000007c   Code   RO          262    i.PLL_Init          pll.o
    0x00000900   0x00000084   Code   RO            1    i.PortA_Init        encoders.o
    0x00000984   0x00000080   Code   RO            2    i.PortB_Init        encoders.o
    0x00000a04   0x0000007c   Code   RO          136    i.PortC_Init        lights.o
    0x00000a80   0x00000084   Code   RO           88    i.PortC_Init2       estop.o
    0x00000b04   0x000000a0   Code   RO            3    i.PortD_Init        encoders.o
    0x00000ba4   0x00000080   Code   RO            4    i.PortE_Init        encoders.o
    0x00000c24   0x000000f4   Code   RO          158    i.Timer1A_Handler   main.o
    0x00000d18   0x00000080   Code   RO          159    i.Timer1_Init       main.o
    0x00000d98   0x0000001c   Code   RO          274    i.UART_InChar       uart.o
    0x00000db4   0x0000004c   Code   RO          276    i.UART_InUDec       uart.o
    0x00000e00   0x00000098   Code   RO          278    i.UART_Init         uart.o
    0x00000e98   0x00000018   Code   RO          279    i.UART_OutChar      uart.o
    0x00000eb0   0x0000002a   Code   RO          281    i.UART_OutUDec      uart.o
    0x00000eda   0x00000002   PAD
    0x00000edc   0x00002ec8   Code   RO            5    i.bitBang           encoders.o
    0x00003da4   0x00000074   Code   RO          160    i.calcErrD          main.o
    0x00003e18   0x0000009c   Code   RO          161    i.calcErrI          main.o
    0x00003eb4   0x0000002c   Code   RO          162    i.calcErrP          main.o
    0x00003ee0   0x0000000c   Code   RO           89    i.eStopInit         estop.o
    0x00003eec   0x00000034   Code   RO          163    i.encoderFailsafe   main.o
    0x00003f20   0x00000020   Code   RO            6    i.encoderInit       encoders.o
    0x00003f40   0x00000010   Code   RO            7    i.encoderRead       encoders.o
    0x00003f50   0x000001a0   Code   RO            8    i.filter            encoders.o
    0x000040f0   0x00000010   Code   RO           90    i.hardStopStatus    estop.o
    0x00004100   0x0000000c   Code   RO          137    i.lightsInit        lights.o
    0x0000410c   0x00000034   Code   RO          164    i.main              main.o
    0x00004140   0x0000004e   Code   RO            9    i.median            encoders.o
    0x0000418e   0x00000002   PAD
    0x00004190   0x000002bc   Code   RO          165    i.motionPlan        main.o
    0x0000444c   0x00000350   Code   RO          241    i.motorInit         motors.o
    0x0000479c   0x00000090   Code   RO          242    i.motorUpdate       motors.o
    0x0000482c   0x00000094   Code   RO          166    i.parse             main.o
    0x000048c0   0x00000014   Code   RO           91    i.softRun           estop.o
    0x000048d4   0x00000018   Code   RO           92    i.softStop          estop.o
    0x000048ec   0x0000000c   Code   RO           93    i.softStopStatus    estop.o
    0x000048f8   0x000000b0   Code   RO           10    i.transform         encoders.o
    0x000049a8   0x00000016   Code   RO           11    i.wait              encoders.o
    0x000049be   0x00000002   PAD
    0x000049c0   0x00000020   Data   RO          511    Region$$Table       anon$$obj.o


    Execution Region ER_RW (Base: 0x20000000, Size: 0x000007fc, Max: 0xffffffff, ABSOLUTE, COMPRESSED[0x000003d4])

    Base Addr    Size         Type   Attr      Idx    E Section Name        Object

    0x20000000   0x000000e0   Data   RW           13    .data               encoders.o
    0x200000e0   0x00000004   Data   RW           94    .data               estop.o
    0x200000e4   0x000006e8   Data   RW          169    .data               main.o
    0x200007cc   0x00000030   Data   RW          243    .data               motors.o


    Execution Region ER_ZI (Base: 0x200007fc, Size: 0x00006fc4, Max: 0xffffffff, ABSOLUTE)

    Base Addr    Size         Type   Attr      Idx    E Section Name        Object

    0x200007fc   0x00000090   Zero   RW           12    .bss                encoders.o
    0x2000088c   0x000069f0   Zero   RW          167    .bss                main.o
    0x2000727c   0x000000e4   Zero   RW          351    .bss                c_w.l(rand.o)
    0x20007360   0x00000060   Zero   RW          440    .bss                c_w.l(libspace.o)
    0x200073c0   0x00000000   Zero   RW          335    HEAP                startup.o
    0x200073c0   0x00000400   Zero   RW          334    STACK               startup.o


==============================================================================

Image component sizes


      Code (inc. data)   RO Data    RW Data    ZI Data      Debug   Object Name

     13264        880          0        224        144      24510   encoders.o
       216         46          0          4          0       2913   estop.o
       136         18          0          0          0        934   lights.o
       652          4          0          0          0        524   lightsasm.o
      2016        204          0       1768      27120       8260   main.o
       992         88          0         48          0       1962   motors.o
       124          4          0          0          0        455   pll.o
       692        632          0          0       1024       1060   startup.o
       322         30          0          0          0       2490   uart.o

    ----------------------------------------------------------------------
     18420       1906         32       2044      28288      43108   Object Totals
         0          0         32          0          0          0   (incl. Generated)
         6          0          0          0          0          0   (incl. Padding)

    ----------------------------------------------------------------------

      Code (inc. data)   RO Data    RW Data    ZI Data      Debug   Library Member Name

        90          0          0          0          0          0   __dczerorl2.o
         8          0          0          0          0         68   __main.o
         0          0          0          0          0          0   __rtentry.o
        12          0          0          0          0          0   __rtentry2.o
         6          0          0          0          0          0   __rtentry4.o
        52          8          0          0          0          0   __scatter.o
        28          0          0          0          0          0   __scatter_zi.o
        18          0          0          0          0         80   exit.o
         6          0          0          0          0        152   heapauxi.o
         0          0          0          0          0          0   indicate_semi.o
         2          0          0          0          0          0   libinit.o
         6          0          0          0          0          0   libinit2.o
         2          0          0          0          0          0   libshutdown.o
         2          0          0          0          0          0   libshutdown2.o
         8          4          0          0         96         68   libspace.o
       112         18          0          0        228        160   rand.o
         2          0          0          0          0          0   rtexit.o
        10          0          0          0          0          0   rtexit2.o
        12          4          0          0          0         68   sys_exit.o
        74          0          0          0          0         80   sys_stackheap_outer.o
         2          0          0          0          0         68   use_no_semi.o

    ----------------------------------------------------------------------
       460         34          0          0        324        744   Library Totals
         8          0          0          0          0          0   (incl. Padding)

    ----------------------------------------------------------------------

      Code (inc. data)   RO Data    RW Data    ZI Data      Debug   Library Name

       452         34          0          0        324        744   c_w.l

    ----------------------------------------------------------------------
       460         34          0          0        324        744   Library Totals

    ----------------------------------------------------------------------

==============================================================================


      Code (inc. data)   RO Data    RW Data    ZI Data      Debug   

     18880       1940         32       2044      28612      41872   Grand Totals
     18880       1940         32        980      28612      41872   ELF Image Totals (compressed)
     18880       1940         32        980          0          0   ROM Totals

==============================================================================

    Total RO  Size (Code + RO Data)                18912 (  18.47kB)
    Total RW  Size (RW Data + ZI Data)             30656 (  29.94kB)
    Total ROM Size (Code + RO Data + RW Data)      19892 (  19.43kB)

==============================================================================

