<html>
<body>
<pre>
<h1>µVision Build Log</h1>
<h2>Project:</h2>
C:\Users\Travis\Dropbox\Documents\UT\2016-03 Fall\Dreamer Head Redesign\code\Dreamer Head Controller\Test Builds\Random Motion Demo tb1001\Random Motion Demo v1.0.uvproj
Project File Date:  02/03/2017

<h2>Output:</h2>
Rebuild target 'Random Motion Demo v1.0'
compiling encoders.c...
compiling estop.c...
compiling fastTrig.c...
compiling main.c...
compiling motors.c...
compiling PLL.c...
compiling UART.c...
assembling startup.s...
assembling lights.s...
linking...
Program Size: Code=18860 RO-data=32 RW-data=1588 ZI-data=28612  
".\UART.axf" - 0 Error(s), 0 Warning(s).
Load "C:\\Users\\Travis\\Dropbox\\Documents\\UT\\2016-03 Fall\\Dreamer Head Redesign\\code\\Dreamer Head Controller\\Test Builds\\Random Motion Demo tb1001\\UART.axf" 
Connecting: Mode=JTAG, Speed=1000000Hz
Erase Done.
Programming Done.
Verify OK.
</pre>
</body>
</html>
