<html>
<body>
<pre>
<h1>µVision Build Log</h1>
<h2>Project:</h2>
C:\Users\Travis\Dropbox\Documents\UT\2016-02 Summer\20160618Dreamer\code\v0.5\UART.uvproj
Project File Date:  06/26/2016

<h2>Output:</h2>
Rebuild target 'Dreamer v0.5'
compiling encoders.c...
compiling main.c...
compiling motors.c...
compiling PLL.c...
compiling UART.c...
assembling startup.s...
compiling lights.c...
compiling estop.c...
linking...
Program Size: Code=16692 RO-data=32 RW-data=452 ZI-data=28388  
".\UART.axf" - 0 Error(s), 0 Warning(s).
Load "C:\\Users\\Travis\\Dropbox\\Documents\\UT\\2016-02 Summer\\20160618Dreamer\\code\\v0.5\\UART.axf" 
Connecting: Mode=JTAG, Speed=1000000Hz
Erase Done.
Programming Done.
Verify OK.
